Administrator@Partha MINGW64 /d/Admin/Dekstop/Python/Python-Project
$ git clone https://github.com/Partha2064/Python-Project
Cloning into 'Python-Project'...
remote: Enumerating objects: 15, done.
remote: Counting objects: 100% (15/15), done.
remote: Compressing objects: 100% (13/13), done.
remote: Total 15 (delta 1), reused 2 (delta 0), pack-reused 0
Receiving objects: 100% (15/15), 5.22 KiB | 82.00 KiB/s, done.
Resolving deltas: 100% (1/1), done.

Administrator@Partha MINGW64 /d/Admin/Dekstop/Python/Python-Project
$ ls
Python-Project/

Administrator@Partha MINGW64 /d/Admin/Dekstop/Python/Python-Project
$ git branch
fatal: not a git repository (or any of the parent directories): .git

Administrator@Partha MINGW64 /d/Admin/Dekstop/Python/Python-Project
$ cd Python-Project

Administrator@Partha MINGW64 /d/Admin/Dekstop/Python/Python-Project/Python-Project (main)
$ ls
README.md

Administrator@Partha MINGW64 /d/Admin/Dekstop/Python/Python-Project/Python-Project (main)
$ git branch
* main

Administrator@Partha MINGW64 /d/Admin/Dekstop/Python/Python-Project/Python-Project (main)
$ git branch -a
* main
  remotes/origin/HEAD -> origin/main
  remotes/origin/main

Administrator@Partha MINGW64 /d/Admin/Dekstop/Python/Python-Project/Python-Project (main)
$ git branch -c feature/git-jenkins

Administrator@Partha MINGW64 /d/Admin/Dekstop/Python/Python-Project/Python-Project (main)
$ git branch -a
  feature/git-jenkins
* main
  remotes/origin/HEAD -> origin/main
  remotes/origin/main

Administrator@Partha MINGW64 /d/Admin/Dekstop/Python/Python-Project/Python-Project (main)
$ ls
README.md

Administrator@Partha MINGW64 /d/Admin/Dekstop/Python/Python-Project/Python-Project (main)
$ git checkout feature/git-jenkins
Switched to branch 'feature/git-jenkins'
Your branch is up to date with 'origin/main'.

Administrator@Partha MINGW64 /d/Admin/Dekstop/Python/Python-Project/Python-Project (feature/git-jenkins)
$ git branch
* feature/git-jenkins
  main

Administrator@Partha MINGW64 /d/Admin/Dekstop/Python/Python-Project/Python-Project (feature/git-jenkins)
$ ls
README.md

Administrator@Partha MINGW64 /d/Admin/Dekstop/Python/Python-Project/Python-Project (feature/git-jenkins)
$ touch main.py

Administrator@Partha MINGW64 /d/Admin/Dekstop/Python/Python-Project/Python-Project (feature/git-jenkins)
$ vi main.py

Administrator@Partha MINGW64 /d/Admin/Dekstop/Python/Python-Project/Python-Project (feature/git-jenkins)
$ cat main.py
import psutil
import time

print("Hello, World!")

for i in range (10):
    # Get the current CPU usage
    cpu_percent = psutil.cpu_percent()

    # Get the current memory usage
    memory_info = psutil.virtual_memory()
    memory_percent = memory_info.percent

    # Print the results
    print("CPU Usage:", cpu_percent, "%")
    print("Memory Usage:", memory_percent, "%")

    # Wait for 10 seconds
    time.sleep(10)

Administrator@Partha MINGW64 /d/Admin/Dekstop/Python/Python-Project/Python-Project (feature/git-jenkins)
$ ls
README.md  main.py

Administrator@Partha MINGW64 /d/Admin/Dekstop/Python/Python-Project/Python-Project (feature/git-jenkins)
$ git checkout main
Switched to branch 'main'
Your branch is up to date with 'origin/main'.

Administrator@Partha MINGW64 /d/Admin/Dekstop/Python/Python-Project/Python-Project (main)
$ ls
README.md  main.py

Administrator@Partha MINGW64 /d/Admin/Dekstop/Python/Python-Project/Python-Project (main)
$ git branch
  feature/git-jenkins
* main

Administrator@Partha MINGW64 /d/Admin/Dekstop/Python/Python-Project/Python-Project (main)
$ ls
README.md  main.py

Administrator@Partha MINGW64 /d/Admin/Dekstop/Python/Python-Project/Python-Project (main)
$ git rm main.py
fatal: pathspec 'main.py' did not match any files

Administrator@Partha MINGW64 /d/Admin/Dekstop/Python/Python-Project/Python-Project (main)
$ ls
README.md  main.py

Administrator@Partha MINGW64 /d/Admin/Dekstop/Python/Python-Project/Python-Project (main)
$ git checkout feature/git-jenkins
Switched to branch 'feature/git-jenkins'
Your branch is up to date with 'origin/main'.

Administrator@Partha MINGW64 /d/Admin/Dekstop/Python/Python-Project/Python-Project (feature/git-jenkins)
$ ls
README.md  main.py

Administrator@Partha MINGW64 /d/Admin/Dekstop/Python/Python-Project/Python-Project (feature/git-jenkins)
$ git status
On branch feature/git-jenkins
Your branch is up to date with 'origin/main'.

Untracked files:
  (use "git add <file>..." to include in what will be committed)
        main.py

nothing added to commit but untracked files present (use "git add" to track)

Administrator@Partha MINGW64 /d/Admin/Dekstop/Python/Python-Project/Python-Project (feature/git-jenkins)
$ git checkout main
Switched to branch 'main'
Your branch is up to date with 'origin/main'.

Administrator@Partha MINGW64 /d/Admin/Dekstop/Python/Python-Project/Python-Project (main)
$ ls
README.md  main.py

Administrator@Partha MINGW64 /d/Admin/Dekstop/Python/Python-Project/Python-Project (main)
$ git status
On branch main
Your branch is up to date with 'origin/main'.

Untracked files:
  (use "git add <file>..." to include in what will be committed)
        main.py

nothing added to commit but untracked files present (use "git add" to track)

Administrator@Partha MINGW64 /d/Admin/Dekstop/Python/Python-Project/Python-Project (main)
$ git checkout feature/git-jenkins
Switched to branch 'feature/git-jenkins'
Your branch is up to date with 'origin/main'.

Administrator@Partha MINGW64 /d/Admin/Dekstop/Python/Python-Project/Python-Project (feature/git-jenkins)
$ git add main.py
warning: in the working copy of 'main.py', LF will be replaced by CRLF the next time Git touches it

Administrator@Partha MINGW64 /d/Admin/Dekstop/Python/Python-Project/Python-Project (feature/git-jenkins)
$ git status
On branch feature/git-jenkins
Your branch is up to date with 'origin/main'.

Changes to be committed:
  (use "git restore --staged <file>..." to unstage)
        new file:   main.py


Administrator@Partha MINGW64 /d/Admin/Dekstop/Python/Python-Project/Python-Project (feature/git-jenkins)
$ git checkout main
Switched to branch 'main'
A       main.py
Your branch is up to date with 'origin/main'.

Administrator@Partha MINGW64 /d/Admin/Dekstop/Python/Python-Project/Python-Project (main)
$ ls
README.md  main.py

Administrator@Partha MINGW64 /d/Admin/Dekstop/Python/Python-Project/Python-Project (main)
$ git status
On branch main
Your branch is up to date with 'origin/main'.

Changes to be committed:
  (use "git restore --staged <file>..." to unstage)
        new file:   main.py


Administrator@Partha MINGW64 /d/Admin/Dekstop/Python/Python-Project/Python-Project (main)
$ git checkout feature/git-jenkins
Switched to branch 'feature/git-jenkins'
A       main.py
Your branch is up to date with 'origin/main'.

Administrator@Partha MINGW64 /d/Admin/Dekstop/Python/Python-Project/Python-Project (feature/git-jenkins)
$ git branch
* feature/git-jenkins
  main

Administrator@Partha MINGW64 /d/Admin/Dekstop/Python/Python-Project/Python-Project (feature/git-jenkins)
$ git commit -m "commiting to git hub"
[feature/git-jenkins cdf0110] commiting to git hub
 1 file changed, 19 insertions(+)
 create mode 100644 main.py

Administrator@Partha MINGW64 /d/Admin/Dekstop/Python/Python-Project/Python-Project (feature/git-jenkins)
$ git push Origin Head
fatal: 'Origin' does not appear to be a git repository
fatal: Could not read from remote repository.

Please make sure you have the correct access rights
and the repository exists.

Administrator@Partha MINGW64 /d/Admin/Dekstop/Python/Python-Project/Python-Project (feature/git-jenkins)
$ chmod
chmod: missing operand
Try 'chmod --help' for more information.

Administrator@Partha MINGW64 /d/Admin/Dekstop/Python/Python-Project/Python-Project (feature/git-jenkins)
$ git config --global user.name"Partha2064"

Administrator@Partha MINGW64 /d/Admin/Dekstop/Python/Python-Project/Python-Project (feature/git-jenkins)
$ git confir --global user.email "sarthipartha2064@gmail.com"
git: 'confir' is not a git command. See 'git --help'.

The most similar command is
        config

Administrator@Partha MINGW64 /d/Admin/Dekstop/Python/Python-Project/Python-Project (feature/git-jenkins)
$ git config --global user.email "sarthipartha2064@gmail.com"

Administrator@Partha MINGW64 /d/Admin/Dekstop/Python/Python-Project/Python-Project (feature/git-jenkins)
$ git branch
* feature/git-jenkins
  main

Administrator@Partha MINGW64 /d/Admin/Dekstop/Python/Python-Project/Python-Project (feature/git-jenkins)
$ ls
README.md  main.py

Administrator@Partha MINGW64 /d/Admin/Dekstop/Python/Python-Project/Python-Project (feature/git-jenkins)
$ git remote add origin https://github.com/Partha2064/Python-Project
error: remote origin already exists.

Administrator@Partha MINGW64 /d/Admin/Dekstop/Python/Python-Project/Python-Project (feature/git-jenkins)
$ git push original head
fatal: 'original' does not appear to be a git repository
fatal: Could not read from remote repository.

Please make sure you have the correct access rights
and the repository exists.

Administrator@Partha MINGW64 /d/Admin/Dekstop/Python/Python-Project/Python-Project (feature/git-jenkins)
$ git push -u origin head
Enumerating objects: 4, done.
Counting objects: 100% (4/4), done.
Delta compression using up to 4 threads
Compressing objects: 100% (3/3), done.
Writing objects: 100% (3/3), 493 bytes | 123.00 KiB/s, done.
Total 3 (delta 0), reused 1 (delta 0), pack-reused 0
remote:
remote: Create a pull request for 'feature/git-jenkins' on GitHub by visiting:
remote:      https://github.com/Partha2064/Python-Project/pull/new/feature/git-jenkins
remote:
To https://github.com/Partha2064/Python-Project
 * [new branch]      head -> feature/git-jenkins
branch 'feature/git-jenkins' set up to track 'origin/feature/git-jenkins'.

Administrator@Partha MINGW64 /d/Admin/Dekstop/Python/Python-Project/Python-Project (feature/git-jenkins)
$ ls
README.md  main.py

Administrator@Partha MINGW64 /d/Admin/Dekstop/Python/Python-Project/Python-Project (feature/git-jenkins)
$ git checkout main
Switched to branch 'main'
Your branch is up to date with 'origin/main'.

Administrator@Partha MINGW64 /d/Admin/Dekstop/Python/Python-Project/Python-Project (main)
$ ls
README.md

Administrator@Partha MINGW64 /d/Admin/Dekstop/Python/Python-Project/Python-Project (main)
$ git checkout feature/git-jenkins
Switched to branch 'feature/git-jenkins'
Your branch is up to date with 'origin/feature/git-jenkins'.

Administrator@Partha MINGW64 /d/Admin/Dekstop/Python/Python-Project/Python-Project (feature/git-jenkins)
$ ls
README.md  main.py

Administrator@Partha MINGW64 /d/Admin/Dekstop/Python/Python-Project/Python-Project (feature/git-jenkins)
